I'm sorry, but errors were detected in your script. Please correct the
errors listed below, and try again.


File "game/script.rpy", line 374: expected statement.
    renpy.quit()
                ^

File "game/script.rpy", line 448: expected statement.
    renpy.quit()
                ^

Ren'Py Version: Ren'Py 7.4.11.2266
Fri Feb  4 05:30:03 2022
